// Jest Snapshot v1, https://goo.gl/fbAQLP

exports[`TopSellingProducts component renders correctly and matches snapshot 1`] = `
<div>
  <section
    class="bg-white dark:bg-gray-400 base:p-6 md:p-7 rounded-10 h-full md:!p-5"
  >
    <div
      class="flex justify-between mb-2"
    >
      <h2
        aria-level="2"
        class="font-bold font-dm-sans text-blue-800 dark:text-white text-2xl !text-blue-400 dark:!text-gray-850 font-medium"
      >
        Top Selling Products
      </h2>
    </div>
    <div
      class="mt-8"
    >
      <div
        class="text-center text-gray-500 dark:text-gray-400 "
      >
        No top selling products at the moment
      </div>
    </div>
  </section>
</div>
`;
