// Jest Snapshot v1, https://goo.gl/fbAQLP

exports[`RootLayout should render correctly and match snapshot 1`] = `
<div>
  <div
    class="lg:flex"
  >
    <div>
      Sidebar
    </div>
    <div
      class="flex-1 pt-7.5 base:px-6 md:pl-7.5 md:pr-7 mb-8 max-w-[1324px] mx-auto"
    >
      <div>
        Content
      </div>
    </div>
  </div>
</div>
`;
