// Jest Snapshot v1, https://goo.gl/fbAQLP

exports[`ImageFallback component should match snapshot for ImageFallback 1`] = `
<div>
  <img
    alt="image"
    data-nimg="1"
    decoding="async"
    fetchpriority="high"
    height="300"
    src="http://localhost/_next/image?url=https%3A%2F%2Fmedia.istockphoto.com%2Fid%2F1282514371%2Fvi%2Fvec-to%2Fm%25E1%25BA%25ABu-n%25E1%25BB%2581n-tr%25E1%25BB%25ABu-t%25C6%25B0%25E1%25BB%25A3ng-kh%25E1%25BB%2591i-retro.jpg%3Fs%3D612x612%26w%3D0%26k%3D20%26c%3DZaZM5rBs2m5Se3yXhHuWWhTfXemN86o1rnsbB6vm1dI%3D&w=640&q=75"
    srcset="/_next/image?url=https%3A%2F%2Fmedia.istockphoto.com%2Fid%2F1282514371%2Fvi%2Fvec-to%2Fm%25E1%25BA%25ABu-n%25E1%25BB%2581n-tr%25E1%25BB%25ABu-t%25C6%25B0%25E1%25BB%25A3ng-kh%25E1%25BB%2591i-retro.jpg%3Fs%3D612x612%26w%3D0%26k%3D20%26c%3DZaZM5rBs2m5Se3yXhHuWWhTfXemN86o1rnsbB6vm1dI%3D&w=384&q=75 1x, /_next/image?url=https%3A%2F%2Fmedia.istockphoto.com%2Fid%2F1282514371%2Fvi%2Fvec-to%2Fm%25E1%25BA%25ABu-n%25E1%25BB%2581n-tr%25E1%25BB%25ABu-t%25C6%25B0%25E1%25BB%25A3ng-kh%25E1%25BB%2591i-retro.jpg%3Fs%3D612x612%26w%3D0%26k%3D20%26c%3DZaZM5rBs2m5Se3yXhHuWWhTfXemN86o1rnsbB6vm1dI%3D&w=640&q=75 2x"
    style="color: transparent; background-size: cover; background-position: 50% 50%; background-repeat: no-repeat;"
    width="300"
  />
</div>
`;
